Copyright 1986-2022 Xilinx, Inc. All Rights Reserved.
--------------------------------------------------------------------------------------
| Tool Version : Vivado v.2022.2 (lin64) Build 3671981 Fri Oct 14 04:59:54 MDT 2022
| Date         : Fri Feb 17 09:38:25 2023
| Host         : marc-System-Product-Name running 64-bit Ubuntu 22.04.1 LTS
| Command      : report_control_sets -verbose -file mouse_led_control_sets_placed.rpt
| Design       : mouse_led
| Device       : xc7a35t
--------------------------------------------------------------------------------------

Control Set Information

Table of Contents
-----------------
1. Summary
2. Histogram
3. Flip-Flop Distribution
4. Detailed Control Set Information

1. Summary
----------

+----------------------------------------------------------+-------+
|                          Status                          | Count |
+----------------------------------------------------------+-------+
| Total control sets                                       |     8 |
|    Minimum number of control sets                        |     8 |
|    Addition due to synthesis replication                 |     0 |
|    Addition due to physical synthesis replication        |     0 |
| Unused register locations in slices containing registers |    25 |
+----------------------------------------------------------+-------+
* Control sets can be merged at opt_design using control_set_merge or merge_equivalent_drivers
** Run report_qor_suggestions for automated merging and remapping suggestions


2. Histogram
------------

+--------------------+-------+
|       Fanout       | Count |
+--------------------+-------+
| Total control sets |     8 |
| >= 0 to < 4        |     0 |
| >= 4 to < 6        |     2 |
| >= 6 to < 8        |     0 |
| >= 8 to < 10       |     2 |
| >= 10 to < 12      |     2 |
| >= 12 to < 14      |     1 |
| >= 14 to < 16      |     0 |
| >= 16              |     1 |
+--------------------+-------+
* Control sets can be remapped at either synth_design or opt_design


3. Flip-Flop Distribution
-------------------------

+--------------+-----------------------+------------------------+-----------------+--------------+
| Clock Enable | Synchronous Set/Reset | Asynchronous Set/Reset | Total Registers | Total Slices |
+--------------+-----------------------+------------------------+-----------------+--------------+
| No           | No                    | No                     |               0 |            0 |
| No           | No                    | Yes                    |              30 |           10 |
| No           | Yes                   | No                     |               0 |            0 |
| Yes          | No                    | No                     |               0 |            0 |
| Yes          | No                    | Yes                    |              57 |           16 |
| Yes          | Yes                   | No                     |               0 |            0 |
+--------------+-----------------------+------------------------+-----------------+--------------+


4. Detailed Control Set Information
-----------------------------------

+------------------+-----------------------------------------+------------------+------------------+----------------+--------------+
|   Clock Signal   |              Enable Signal              | Set/Reset Signal | Slice Load Count | Bel Load Count | Bels / Slice |
+------------------+-----------------------------------------+------------------+------------------+----------------+--------------+
|  clk_i_IBUF_BUFG | MOUSE/PS2RXTX/PS2_TX/bit_count_next     | reset_i_IBUF     |                1 |              4 |         4.00 |
|  clk_i_IBUF_BUFG | MOUSE/PS2RXTX/PS2_RX/bit_count_next     | reset_i_IBUF     |                2 |              4 |         2.00 |
|  clk_i_IBUF_BUFG | MOUSE/PS2RXTX/PS2_RX/E[0]               | reset_i_IBUF     |                3 |              8 |         2.67 |
|  clk_i_IBUF_BUFG | MOUSE/PS2RXTX/PS2_TX/tx_data_next_0     | reset_i_IBUF     |                2 |              8 |         4.00 |
|  clk_i_IBUF_BUFG | MOUSE/E[0]                              | reset_i_IBUF     |                2 |             10 |         5.00 |
|  clk_i_IBUF_BUFG | MOUSE/PS2RXTX/PS2_RX/rx_data_next       | reset_i_IBUF     |                2 |             10 |         5.00 |
|  clk_i_IBUF_BUFG | MOUSE/PS2RXTX/PS2_TX/delay_count_next_1 | reset_i_IBUF     |                4 |             13 |         3.25 |
|  clk_i_IBUF_BUFG |                                         | reset_i_IBUF     |               10 |             30 |         3.00 |
+------------------+-----------------------------------------+------------------+------------------+----------------+--------------+


